******************************************************************************
                  TI ARM Linker PC v20.2.7                     
******************************************************************************
>> Linked Tue Jan  9 06:40:35 2024

OUTPUT FILE NAME:   <AUTOSAR_Project.out>
ENTRY POINT SYMBOL: "_c_int00_noargs"  address: 00000dcd


MEMORY CONFIGURATION

         name            origin    length      used     unused   attr    fill
----------------------  --------  ---------  --------  --------  ----  --------
  FLASH                 00000000   00040000  00000fbe  0003f042  R  X
  SRAM                  20000000   00008000  00000216  00007dea  RW X


SEGMENT ALLOCATION MAP

run origin  load origin   length   init length attrs members
----------  ----------- ---------- ----------- ----- -------
00000000    00000000    00000fc0   00000fc0    r-x
  00000000    00000000    0000026c   0000026c    r-- .intvecs
  0000026c    0000026c    00000bf6   00000bf6    r-x .text
  00000e62    00000e62    0000013c   0000013c    r-- .const
  00000fa0    00000fa0    00000020   00000020    r-- .cinit
20000000    20000000    00000216   00000000    rw-
  20000000    20000000    00000200   00000000    rw- .stack
  20000200    20000200    00000016   00000000    rw- .data


SECTION ALLOCATION MAP

 output                                  attributes/
section   page    origin      length       input sections
--------  ----  ----------  ----------   ----------------
.intvecs   0    00000000    0000026c     
                  00000000    0000026c     tm4c123gh6pm_startup_ccs.obj (.intvecs)

.text      0    0000026c    00000bf6     
                  0000026c    000004d0     Port.obj (.text)
                  0000073c    0000030c     Dio.obj (.text)
                  00000a48    000000a8     Os.obj (.text)
                  00000af0    0000009c     rtsv7M4_T_le_v4SPD16_eabi.lib : memcpy_t2.asm.obj (.text)
                  00000b8c    0000007c     Button.obj (.text)
                  00000c08    0000007c     Gpt.obj (.text)
                  00000c84    00000068     rtsv7M4_T_le_v4SPD16_eabi.lib : copy_decompress_lzss.c.obj (.text:decompress:lzss:__TI_decompress_lzss)
                  00000cec    0000005c     App.obj (.text)
                  00000d48    00000044     rtsv7M4_T_le_v4SPD16_eabi.lib : autoinit.c.obj (.text:__TI_auto_init_nobinit_nopinit:__TI_auto_init_nobinit_nopinit)
                  00000d8c    0000003e     Led.obj (.text)
                  00000dca    00000002     --HOLE-- [fill = 0]
                  00000dcc    00000034     rtsv7M4_T_le_v4SPD16_eabi.lib : boot_cortex_m.c.obj (.text:_c_int00_noargs:_c_int00_noargs)
                  00000e00    00000020     Mcu.obj (.text)
                  00000e20    00000016     Det.obj (.text)
                  00000e36    0000000e     rtsv7M4_T_le_v4SPD16_eabi.lib : copy_decompress_none.c.obj (.text:decompress:none:__TI_decompress_none)
                  00000e44    0000000c     tm4c123gh6pm_startup_ccs.obj (.text)
                  00000e50    0000000a     main.obj (.text)
                  00000e5a    00000004     rtsv7M4_T_le_v4SPD16_eabi.lib : pre_init.c.obj (.text:_system_pre_init)
                  00000e5e    00000004                                   : exit.c.obj (.text:abort:abort)

.const     0    00000e62    0000013c     
                  00000e62    00000138     Port_PBcfg.obj (.const:Port_PinConfig)
                  00000f9a    00000004     Dio_PBcfg.obj (.const:Dio_Configuration)

.cinit     0    00000fa0    00000020     
                  00000fa0    0000000e     (.cinit..data.load) [load image, compression = lzss]
                  00000fae    00000002     --HOLE-- [fill = 0]
                  00000fb0    00000008     (__TI_handler_table)
                  00000fb8    00000008     (__TI_cinit_table)

.init_array 
*          0    00000000    00000000     UNINITIALIZED

.data      0    20000200    00000016     UNINITIALIZED
                  20000200    00000005     Dio.obj (.data)
                  20000205    00000003     Button.obj (.data)
                  20000208    00000005     Port.obj (.data)
                  2000020d    00000002     App.obj (.data)
                  2000020f    00000001     --HOLE--
                  20000210    00000004     Gpt.obj (.data)
                  20000214    00000002     Os.obj (.data)

.stack     0    20000000    00000200     UNINITIALIZED
                  20000000    00000004     rtsv7M4_T_le_v4SPD16_eabi.lib : boot_cortex_m.c.obj (.stack)
                  20000004    000001fc     --HOLE--

__llvm_prf_cnts 
*          0    20000000    00000000     UNINITIALIZED

MODULE SUMMARY

       Module                         code   ro data   rw data
       ------                         ----   -------   -------
    .\
       Port.obj                       1232   0         5      
       Dio.obj                        780    0         5      
       tm4c123gh6pm_startup_ccs.obj   12     620       0      
       Port_PBcfg.obj                 0      312       0      
       Os.obj                         168    0         2      
       Gpt.obj                        124    0         4      
       Button.obj                     124    0         3      
       App.obj                        92     0         2      
       Led.obj                        62     0         0      
       Mcu.obj                        32     0         0      
       Det.obj                        22     0         0      
       main.obj                       10     0         0      
       Dio_PBcfg.obj                  0      4         0      
    +--+------------------------------+------+---------+---------+
       Total:                         2658   936       21     
                                                              
    C:\ti\ccs1250\ccs\tools\compiler\ti-cgt-arm_20.2.7.LTS\lib\rtsv7M4_T_le_v4SPD16_eabi.lib
       memcpy_t2.asm.obj              156    0         0      
       copy_decompress_lzss.c.obj     104    0         0      
       autoinit.c.obj                 68     0         0      
       boot_cortex_m.c.obj            52     0         0      
       copy_decompress_none.c.obj     14     0         0      
       exit.c.obj                     4      0         0      
       pre_init.c.obj                 4      0         0      
    +--+------------------------------+------+---------+---------+
       Total:                         402    0         0      
                                                              
       Stack:                         0      0         512    
       Linker Generated:              0      30        0      
    +--+------------------------------+------+---------+---------+
       Grand Total:                   3060   966       533    


LINKER GENERATED COPY TABLES

__TI_cinit_table @ 00000fb8 records: 1, size/record: 8, table size: 8
	.data: load addr=00000fa0, load size=0000000e bytes, run addr=20000200, run size=00000016 bytes, compression=lzss


LINKER GENERATED HANDLER TABLE

__TI_handler_table @ 00000fb0 records: 2, size/record: 4, table size: 8
	index: 0, handler: __TI_decompress_lzss
	index: 1, handler: __TI_decompress_none


GLOBAL SYMBOLS: SORTED ALPHABETICALLY BY Name 

address   name                          
-------   ----                          
00000d11  App_Task                      
00000b8d  Button_GetState               
00000b93  Button_RefreshState           
00000d01  Button_Task                   
00000e5f  C$$EXIT                       
00000e21  Det_ReportError               
00000f9a  Dio_Configuration             
0000091b  Dio_FlipChannel               
0000073d  Dio_Init                      
00000841  Dio_ReadChannel               
00000761  Dio_WriteChannel              
00000ced  Init_Task                     
00000da5  Led_RefreshOutput             
00000d99  Led_SetOff                    
00000d8d  Led_SetOn                     
00000d09  Led_Task                      
00000dbd  Led_Toggle                    
00000e01  Mcu_Init                      
00000a63  Os_NewTimerTick               
00000a73  Os_Scheduler                  
00000a49  Os_start                      
0000026d  Port_Init                     
00000e62  Port_PinConfig                
00000625  Port_RefreshPortDirection     
00000e45  ResetISR                      
00000c09  SysTick_Handler               
00000c61  SysTick_SetCallBack           
00000c19  SysTick_Start                 
00000c59  SysTick_Stop                  
20000200  __STACK_END                   
00000200  __STACK_SIZE                  
20000200  __STACK_TOP                   
00000fb8  __TI_CINIT_Base               
00000fc0  __TI_CINIT_Limit              
00000fb0  __TI_Handler_Table_Base       
00000fb8  __TI_Handler_Table_Limit      
00000d49  __TI_auto_init_nobinit_nopinit
00000c85  __TI_decompress_lzss          
00000e37  __TI_decompress_none          
ffffffff  __TI_pprof_out_hndl           
ffffffff  __TI_prof_data_size           
ffffffff  __TI_prof_data_start          
00000000  __TI_static_base__            
00000af1  __aeabi_memcpy                
00000af1  __aeabi_memcpy4               
00000af1  __aeabi_memcpy8               
ffffffff  __binit__                     
ffffffff  __c_args__                    
UNDEFED   __mpu_init                    
20000000  __stack                       
20000000  __start___llvm_prf_cnts       
20000000  __stop___llvm_prf_cnts        
00000dcd  _c_int00_noargs               
UNDEFED   _system_post_cinit            
00000e5b  _system_pre_init              
00000e5f  abort                         
ffffffff  binit                         
00000000  g_pfnVectors                  
00000e51  main                          
00000af1  memcpy                        


GLOBAL SYMBOLS: SORTED BY Symbol Address 

address   name                          
-------   ----                          
00000000  __TI_static_base__            
00000000  g_pfnVectors                  
00000200  __STACK_SIZE                  
0000026d  Port_Init                     
00000625  Port_RefreshPortDirection     
0000073d  Dio_Init                      
00000761  Dio_WriteChannel              
00000841  Dio_ReadChannel               
0000091b  Dio_FlipChannel               
00000a49  Os_start                      
00000a63  Os_NewTimerTick               
00000a73  Os_Scheduler                  
00000af1  __aeabi_memcpy                
00000af1  __aeabi_memcpy4               
00000af1  __aeabi_memcpy8               
00000af1  memcpy                        
00000b8d  Button_GetState               
00000b93  Button_RefreshState           
00000c09  SysTick_Handler               
00000c19  SysTick_Start                 
00000c59  SysTick_Stop                  
00000c61  SysTick_SetCallBack           
00000c85  __TI_decompress_lzss          
00000ced  Init_Task                     
00000d01  Button_Task                   
00000d09  Led_Task                      
00000d11  App_Task                      
00000d49  __TI_auto_init_nobinit_nopinit
00000d8d  Led_SetOn                     
00000d99  Led_SetOff                    
00000da5  Led_RefreshOutput             
00000dbd  Led_Toggle                    
00000dcd  _c_int00_noargs               
00000e01  Mcu_Init                      
00000e21  Det_ReportError               
00000e37  __TI_decompress_none          
00000e45  ResetISR                      
00000e51  main                          
00000e5b  _system_pre_init              
00000e5f  C$$EXIT                       
00000e5f  abort                         
00000e62  Port_PinConfig                
00000f9a  Dio_Configuration             
00000fb0  __TI_Handler_Table_Base       
00000fb8  __TI_CINIT_Base               
00000fb8  __TI_Handler_Table_Limit      
00000fc0  __TI_CINIT_Limit              
20000000  __stack                       
20000000  __start___llvm_prf_cnts       
20000000  __stop___llvm_prf_cnts        
20000200  __STACK_END                   
20000200  __STACK_TOP                   
ffffffff  __TI_pprof_out_hndl           
ffffffff  __TI_prof_data_size           
ffffffff  __TI_prof_data_start          
ffffffff  __binit__                     
ffffffff  __c_args__                    
ffffffff  binit                         
UNDEFED   __mpu_init                    
UNDEFED   _system_post_cinit            

[60 symbols]
